../api/src/middleware/auth.middleware.ts(18,29): error TS2339: Property 'DATABASE' does not exist on type 'CloudflareBindings'.
../api/src/services/upload.service.ts(17,28): error TS2339: Property 'DATABASE' does not exist on type 'CloudflareBindings'.
../api/src/services/upload.service.ts(32,18): error TS2339: Property 'STORAGE' does not exist on type 'CloudflareBindings'.
../api/src/services/upload.service.ts(56,18): error TS2339: Property 'STORAGE' does not exist on type 'CloudflareBindings'.
../api/src/services/upload.service.ts(69,33): error TS2339: Property 'STORAGE' does not exist on type 'CloudflareBindings'.
src/auth/middleware.ts(2,30): error TS2307: Cannot find module './queries' or its corresponding type declarations.
src/routes/(app)/_app/account/profile/index.tsx(340,12): error TS2322: Type 'UnwrapOneLevelOfArray<UnwrapFieldValidateOrFn<"name", ({ value }: { value: string; fieldApi: FieldApi<{ name: string; username: any; image: string; }, "name", string, any, any, any, any, any, any, any, any, any, any, any, any, any, any, ... 5 more ..., any>; }) => string | undefined, FormValidateOrFn<...> | undefine...' is not assignable to type '({ message?: string | undefined; } | undefined)[]'.
  Type 'UnwrapOneLevelOfArray<UnwrapFieldValidateOrFn<"name", ({ value }: { value: string; fieldApi: FieldApi<{ name: string; username: any; image: string; }, "name", string, any, any, any, any, any, any, any, any, any, any, any, any, any, any, ... 5 more ..., any>; }) => string | undefined, FormValidateOrFn<...> | undefine...' is not assignable to type '{ message?: string | undefined; } | undefined'.
    Type 'string' has no properties in common with type '{ message?: string | undefined; }'.
src/routes/(app)/_app/account/profile/index.tsx(397,12): error TS2322: Type 'UnwrapOneLevelOfArray<UnwrapFieldValidateOrFn<"username", ({ value }: { value: any; fieldApi: FieldApi<{ name: string; username: any; image: string; }, "username", any, any, any, any, any, any, any, any, any, any, any, any, any, any, any, ... 5 more ..., any>; }) => string | undefined, FormValidateOrFn<...> | undefi...' is not assignable to type '({ message?: string | undefined; } | undefined)[]'.
  Type 'UnwrapOneLevelOfArray<UnwrapFieldValidateOrFn<"username", ({ value }: { value: any; fieldApi: FieldApi<{ name: string; username: any; image: string; }, "username", any, any, any, any, any, any, any, any, any, any, any, any, any, any, any, ... 5 more ..., any>; }) => string | undefined, FormValidateOrFn<...> | undefi...' is not assignable to type '{ message?: string | undefined; } | undefined'.
    Type 'string' has no properties in common with type '{ message?: string | undefined; }'.
src/routes/-fn/admin.ts(63,11): error TS2345: Argument of type '({ data }: ServerFnCtx<Register, "POST", undefined, (input: { userId: string; banReason?: string | undefined; banExpiresIn?: number | undefined; }) => { userId: string; banReason?: string | undefined; banExpiresIn?: number | undefined; }>) => Promise<...>' is not assignable to parameter of type 'ServerFn<Register, "POST", undefined, (input: { userId: string; banReason?: string | undefined; banExpiresIn?: number | undefined; }) => { userId: string; banReason?: string | undefined; banExpiresIn?: number | undefined; }, Promise<...>>'.
  Type 'Promise<unknown>' is not assignable to type 'Promise<SerializationError<"Type may not be serializable">>'.
    Type 'unknown' is not assignable to type 'SerializationError<"Type may not be serializable">'.
src/routes/-fn/admin.ts(74,11): error TS2345: Argument of type '({ data: userId }: ServerFnCtx<Register, "POST", undefined, (userId: string) => string>) => Promise<unknown>' is not assignable to parameter of type 'ServerFn<Register, "POST", undefined, (userId: string) => string, Promise<unknown>>'.
  Type 'Promise<unknown>' is not assignable to type 'Promise<SerializationError<"Type may not be serializable">>'.
    Type 'unknown' is not assignable to type 'SerializationError<"Type may not be serializable">'.
src/routes/-fn/auth.ts(184,10): error TS18049: 'result' is possibly 'null' or 'undefined'.
src/routes/-fn/auth.ts(202,10): error TS18049: 'result' is possibly 'null' or 'undefined'.
